// Jest Snapshot v1, https://goo.gl/fbAQLP

exports[`fetch should not dispatch a fetchError if the arity of \`next\` is >= 2 1`] = `
Array [
  Object {
    "payload": Object {
      "id": 9,
      "options": Object {},
      "type": "__FETCH__",
      "url": "http://fakeurl.com",
    },
    "type": "increment outstanding fetches",
  },
  Object {
    "payload": Object {
      "id": 9,
      "type": "__FETCH__",
    },
    "type": "decrement outstanding fetches",
  },
]
`;
